0 verbose cli /usr/local/bin/node /usr/local/bin/npm
1 info using npm@11.16.0
2 info using node@v24.18.0
3 silly config load:file:/usr/local/lib/node_modules/npm/npmrc
4 silly config load:file:/Users/mushfiq/Desktop/Football/football-auction/.npmrc
5 silly config load:file:/Users/mushfiq/.npmrc
6 silly config load:file:/usr/local/etc/npmrc
7 verbose title npm install @supabase/supabase-js @supabase/ssr zustand react-hook-form @hookform/resolvers zod class-variance-authority clsx tailwind-merge lucide-react
8 verbose argv "install" "@supabase/supabase-js" "@supabase/ssr" "zustand" "react-hook-form" "@hookform/resolvers" "zod" "class-variance-authority" "clsx" "tailwind-merge" "lucide-react" "--cache" "/Users/mushfiq/Desktop/Football/football-auction/.npm-cache"
9 verbose logfile logs-max:10 dir:/Users/mushfiq/Desktop/Football/football-auction/.npm-cache/_logs/2026-07-31T19_20_41_162Z-
10 verbose logfile /Users/mushfiq/Desktop/Football/football-auction/.npm-cache/_logs/2026-07-31T19_20_41_162Z-debug-0.log
11 silly logfile done cleaning log files
12 silly packumentCache heap:2348810240 maxSize:587202560 maxEntrySize:293601280
13 silly idealTree buildDeps
14 silly fetch manifest @supabase/supabase-js@*
15 silly packumentCache full:https://registry.npmjs.org/@supabase%2fsupabase-js cache-miss
16 http fetch GET 200 https://registry.npmjs.org/@supabase%2fsupabase-js 1489ms (cache miss)
17 silly packumentCache full:https://registry.npmjs.org/@supabase%2fsupabase-js set size:undefined disposed:false
18 silly fetch manifest @supabase/ssr@*
19 silly packumentCache full:https://registry.npmjs.org/@supabase%2fssr cache-miss
20 http fetch GET 200 https://registry.npmjs.org/@supabase%2fssr 1048ms (cache miss)
21 silly packumentCache full:https://registry.npmjs.org/@supabase%2fssr set size:undefined disposed:false
22 silly fetch manifest zustand@*
23 silly packumentCache full:https://registry.npmjs.org/zustand cache-miss
24 http fetch GET 200 https://registry.npmjs.org/zustand 337ms (cache miss)
25 silly packumentCache full:https://registry.npmjs.org/zustand set size:undefined disposed:false
26 silly fetch manifest @types/react@^19
27 silly packumentCache full:https://registry.npmjs.org/@types%2freact cache-miss
28 http cache https://registry.npmjs.org/@types%2freact 8ms (cache hit)
29 silly packumentCache full:https://registry.npmjs.org/@types%2freact set size:2637439 disposed:false
30 silly fetch manifest immer@>=9.0.6
31 silly packumentCache full:https://registry.npmjs.org/immer cache-miss
32 http fetch GET 200 https://registry.npmjs.org/immer 411ms (cache miss)
33 silly packumentCache full:https://registry.npmjs.org/immer set size:undefined disposed:false
34 silly fetch manifest react@19.2.4
35 silly packumentCache full:https://registry.npmjs.org/react cache-miss
36 http cache https://registry.npmjs.org/react 11ms (cache hit)
37 silly packumentCache full:https://registry.npmjs.org/react set size:6859098 disposed:false
38 silly fetch manifest use-sync-external-store@>=1.2.0
39 silly packumentCache full:https://registry.npmjs.org/use-sync-external-store cache-miss
40 http fetch GET 200 https://registry.npmjs.org/use-sync-external-store 790ms (cache miss)
41 silly packumentCache full:https://registry.npmjs.org/use-sync-external-store set size:undefined disposed:false
42 silly fetch manifest react-hook-form@*
43 silly packumentCache full:https://registry.npmjs.org/react-hook-form cache-miss
44 http fetch GET 200 https://registry.npmjs.org/react-hook-form 940ms (cache miss)
45 silly packumentCache full:https://registry.npmjs.org/react-hook-form set size:undefined disposed:false
46 silly fetch manifest @hookform/resolvers@*
47 silly packumentCache full:https://registry.npmjs.org/@hookform%2fresolvers cache-miss
48 http fetch GET 200 https://registry.npmjs.org/@hookform%2fresolvers 957ms (cache miss)
49 silly packumentCache full:https://registry.npmjs.org/@hookform%2fresolvers set size:undefined disposed:false
50 silly fetch manifest @sinclair/typebox@>=0.25.24
51 silly packumentCache full:https://registry.npmjs.org/@sinclair%2ftypebox cache-miss
52 http fetch GET 200 https://registry.npmjs.org/@sinclair%2ftypebox 1440ms (cache miss)
53 silly packumentCache full:https://registry.npmjs.org/@sinclair%2ftypebox set size:undefined disposed:false
54 silly fetch manifest @standard-schema/spec@^1.0.0
55 silly packumentCache full:https://registry.npmjs.org/@standard-schema%2fspec cache-miss
56 http fetch GET 200 https://registry.npmjs.org/@standard-schema%2fspec 553ms (cache miss)
57 silly packumentCache full:https://registry.npmjs.org/@standard-schema%2fspec set size:undefined disposed:false
58 silly fetch manifest @typeschema/main@>=0.13.7
59 silly packumentCache full:https://registry.npmjs.org/@typeschema%2fmain cache-miss
60 http fetch GET 200 https://registry.npmjs.org/@typeschema%2fmain 852ms (cache miss)
61 silly packumentCache full:https://registry.npmjs.org/@typeschema%2fmain set size:undefined disposed:false
62 silly fetch manifest @typeschema/arktype@0.14.0
63 silly packumentCache full:https://registry.npmjs.org/@typeschema%2farktype cache-miss
64 http fetch GET 200 https://registry.npmjs.org/@typeschema%2farktype 825ms (cache miss)
65 silly packumentCache full:https://registry.npmjs.org/@typeschema%2farktype set size:undefined disposed:false
66 silly fetch manifest arktype@^2.0.0-rc.0
67 silly packumentCache full:https://registry.npmjs.org/arktype cache-miss
68 http fetch GET 200 https://registry.npmjs.org/arktype 364ms (cache miss)
69 silly packumentCache full:https://registry.npmjs.org/arktype set size:undefined disposed:false
70 silly fetch manifest @typeschema/class-validator@0.3.0
71 silly packumentCache full:https://registry.npmjs.org/@typeschema%2fclass-validator cache-miss
72 http fetch GET 200 https://registry.npmjs.org/@typeschema%2fclass-validator 851ms (cache miss)
73 silly packumentCache full:https://registry.npmjs.org/@typeschema%2fclass-validator set size:undefined disposed:false
74 silly fetch manifest class-validator@^0.14.1
75 silly packumentCache full:https://registry.npmjs.org/class-validator cache-miss
76 http fetch GET 200 https://registry.npmjs.org/class-validator 329ms (cache miss)
77 silly packumentCache full:https://registry.npmjs.org/class-validator set size:undefined disposed:false
78 silly fetch manifest @typeschema/deepkit@0.14.0
79 silly packumentCache full:https://registry.npmjs.org/@typeschema%2fdeepkit cache-miss
80 http fetch GET 200 https://registry.npmjs.org/@typeschema%2fdeepkit 899ms (cache miss)
81 silly packumentCache full:https://registry.npmjs.org/@typeschema%2fdeepkit set size:undefined disposed:false
82 silly fetch manifest @deepkit/type@^1.0.1-alpha.145
83 silly packumentCache full:https://registry.npmjs.org/@deepkit%2ftype cache-miss
84 http fetch GET 200 https://registry.npmjs.org/@deepkit%2ftype 972ms (cache miss)
85 silly packumentCache full:https://registry.npmjs.org/@deepkit%2ftype set size:undefined disposed:false
86 silly fetch manifest @deepkit/core@^1.0.1
87 silly packumentCache full:https://registry.npmjs.org/@deepkit%2fcore cache-miss
88 http fetch GET 200 https://registry.npmjs.org/@deepkit%2fcore 1019ms (cache miss)
89 silly packumentCache full:https://registry.npmjs.org/@deepkit%2fcore set size:undefined disposed:false
90 silly fetch manifest @typeschema/effect@0.14.0
91 silly packumentCache full:https://registry.npmjs.org/@typeschema%2feffect cache-miss
92 http fetch GET 200 https://registry.npmjs.org/@typeschema%2feffect 827ms (cache miss)
93 silly packumentCache full:https://registry.npmjs.org/@typeschema%2feffect set size:undefined disposed:false
94 silly fetch manifest @effect/schema@^0.71.1
95 silly packumentCache full:https://registry.npmjs.org/@effect%2fschema cache-miss
96 http fetch GET 200 https://registry.npmjs.org/@effect%2fschema 882ms (cache miss)
97 silly packumentCache full:https://registry.npmjs.org/@effect%2fschema set size:undefined disposed:false
98 silly fetch manifest effect@^3.6.8
99 silly packumentCache full:https://registry.npmjs.org/effect cache-miss
100 http fetch GET 200 https://registry.npmjs.org/effect 579ms (cache miss)
101 silly packumentCache full:https://registry.npmjs.org/effect set size:undefined disposed:false
102 silly fetch manifest @typeschema/fastest-validator@0.2.0
103 silly packumentCache full:https://registry.npmjs.org/@typeschema%2ffastest-validator cache-miss
104 http fetch GET 200 https://registry.npmjs.org/@typeschema%2ffastest-validator 960ms (cache miss)
105 silly packumentCache full:https://registry.npmjs.org/@typeschema%2ffastest-validator set size:undefined disposed:false
106 silly fetch manifest fastest-validator@^1.19.0
107 silly packumentCache full:https://registry.npmjs.org/fastest-validator cache-miss
108 http fetch GET 200 https://registry.npmjs.org/fastest-validator 797ms (cache miss)
109 silly packumentCache full:https://registry.npmjs.org/fastest-validator set size:undefined disposed:false
110 silly fetch manifest @typeschema/function@0.14.0
111 silly packumentCache full:https://registry.npmjs.org/@typeschema%2ffunction cache-miss
112 http fetch GET 200 https://registry.npmjs.org/@typeschema%2ffunction 821ms (cache miss)
113 silly packumentCache full:https://registry.npmjs.org/@typeschema%2ffunction set size:undefined disposed:false
114 silly fetch manifest @typeschema/io-ts@0.14.0
115 silly packumentCache full:https://registry.npmjs.org/@typeschema%2fio-ts cache-miss
116 http fetch GET 200 https://registry.npmjs.org/@typeschema%2fio-ts 819ms (cache miss)
117 silly packumentCache full:https://registry.npmjs.org/@typeschema%2fio-ts set size:undefined disposed:false
118 silly fetch manifest fp-ts@^2.16.9
119 silly packumentCache full:https://registry.npmjs.org/fp-ts cache-miss
120 http fetch GET 200 https://registry.npmjs.org/fp-ts 502ms (cache miss)
121 silly packumentCache full:https://registry.npmjs.org/fp-ts set size:undefined disposed:false
122 silly fetch manifest io-ts@^2.2.21
123 silly packumentCache full:https://registry.npmjs.org/io-ts cache-miss
124 http fetch GET 200 https://registry.npmjs.org/io-ts 351ms (cache miss)
125 silly packumentCache full:https://registry.npmjs.org/io-ts set size:undefined disposed:false
126 silly fetch manifest @typeschema/joi@0.14.0
127 silly packumentCache full:https://registry.npmjs.org/@typeschema%2fjoi cache-miss
128 http fetch GET 200 https://registry.npmjs.org/@typeschema%2fjoi 900ms (cache miss)
129 silly packumentCache full:https://registry.npmjs.org/@typeschema%2fjoi set size:undefined disposed:false
130 silly fetch manifest joi@^17.13.3
131 silly packumentCache full:https://registry.npmjs.org/joi cache-miss
132 http fetch GET 200 https://registry.npmjs.org/joi 588ms (cache miss)
133 silly packumentCache full:https://registry.npmjs.org/joi set size:undefined disposed:false
134 silly fetch manifest joi-to-json@^4.3.0
135 silly packumentCache full:https://registry.npmjs.org/joi-to-json cache-miss
136 http fetch GET 200 https://registry.npmjs.org/joi-to-json 422ms (cache miss)
137 silly packumentCache full:https://registry.npmjs.org/joi-to-json set size:undefined disposed:false
138 silly fetch manifest @typeschema/json@0.14.0
139 silly packumentCache full:https://registry.npmjs.org/@typeschema%2fjson cache-miss
140 http fetch GET 200 https://registry.npmjs.org/@typeschema%2fjson 817ms (cache miss)
141 silly packumentCache full:https://registry.npmjs.org/@typeschema%2fjson set size:undefined disposed:false
142 silly fetch manifest ajv@^8.17.1
143 silly packumentCache full:https://registry.npmjs.org/ajv cache-miss
144 http cache https://registry.npmjs.org/ajv 9ms (cache hit)
145 silly packumentCache full:https://registry.npmjs.org/ajv set size:1142658 disposed:false
146 silly fetch manifest json-schema-to-ts@^3.1.0
147 silly packumentCache full:https://registry.npmjs.org/json-schema-to-ts cache-miss
148 http fetch GET 200 https://registry.npmjs.org/json-schema-to-ts 343ms (cache miss)
149 silly packumentCache full:https://registry.npmjs.org/json-schema-to-ts set size:undefined disposed:false
150 silly fetch manifest @typeschema/ow@0.14.0
151 silly packumentCache full:https://registry.npmjs.org/@typeschema%2fow cache-miss
152 http fetch GET 200 https://registry.npmjs.org/@typeschema%2fow 865ms (cache miss)
153 silly packumentCache full:https://registry.npmjs.org/@typeschema%2fow set size:undefined disposed:false
154 silly fetch manifest ow@^0.28.2
155 silly packumentCache full:https://registry.npmjs.org/ow cache-miss
156 http fetch GET 200 https://registry.npmjs.org/ow 348ms (cache miss)
157 silly packumentCache full:https://registry.npmjs.org/ow set size:undefined disposed:false
158 silly fetch manifest @typeschema/runtypes@0.14.0
159 silly packumentCache full:https://registry.npmjs.org/@typeschema%2fruntypes cache-miss
160 http fetch GET 200 https://registry.npmjs.org/@typeschema%2fruntypes 886ms (cache miss)
161 silly packumentCache full:https://registry.npmjs.org/@typeschema%2fruntypes set size:undefined disposed:false
162 silly fetch manifest runtypes@^6.7.0
163 silly packumentCache full:https://registry.npmjs.org/runtypes cache-miss
164 http fetch GET 200 https://registry.npmjs.org/runtypes 336ms (cache miss)
165 silly packumentCache full:https://registry.npmjs.org/runtypes set size:undefined disposed:false
166 silly fetch manifest @typeschema/superstruct@0.14.0
167 silly packumentCache full:https://registry.npmjs.org/@typeschema%2fsuperstruct cache-miss
168 http fetch GET 200 https://registry.npmjs.org/@typeschema%2fsuperstruct 819ms (cache miss)
169 silly packumentCache full:https://registry.npmjs.org/@typeschema%2fsuperstruct set size:undefined disposed:false
170 silly fetch manifest superstruct@^2.0.2
171 silly packumentCache full:https://registry.npmjs.org/superstruct cache-miss
172 http fetch GET 200 https://registry.npmjs.org/superstruct 339ms (cache miss)
173 silly packumentCache full:https://registry.npmjs.org/superstruct set size:undefined disposed:false
174 silly fetch manifest @typeschema/suretype@0.2.0
175 silly packumentCache full:https://registry.npmjs.org/@typeschema%2fsuretype cache-miss
176 http fetch GET 200 https://registry.npmjs.org/@typeschema%2fsuretype 946ms (cache miss)
177 silly packumentCache full:https://registry.npmjs.org/@typeschema%2fsuretype set size:undefined disposed:false
178 silly fetch manifest suretype@^3.3.1
179 silly packumentCache full:https://registry.npmjs.org/suretype cache-miss
180 http fetch GET 200 https://registry.npmjs.org/suretype 319ms (cache miss)
181 silly packumentCache full:https://registry.npmjs.org/suretype set size:undefined disposed:false
182 silly fetch manifest @typeschema/typebox@0.14.0
183 silly packumentCache full:https://registry.npmjs.org/@typeschema%2ftypebox cache-miss
184 http fetch GET 200 https://registry.npmjs.org/@typeschema%2ftypebox 891ms (cache miss)
185 silly packumentCache full:https://registry.npmjs.org/@typeschema%2ftypebox set size:undefined disposed:false
186 silly fetch manifest @sinclair/typebox@^0.33.7
187 silly packumentCache full:https://registry.npmjs.org/@sinclair%2ftypebox cache-miss
188 http cache https://registry.npmjs.org/@sinclair%2ftypebox 5ms (cache hit)
189 silly packumentCache full:https://registry.npmjs.org/@sinclair%2ftypebox set size:1212785 disposed:false
190 silly fetch manifest @typeschema/valibot@0.14.0
191 silly packumentCache full:https://registry.npmjs.org/@typeschema%2fvalibot cache-miss
192 http fetch GET 200 https://registry.npmjs.org/@typeschema%2fvalibot 939ms (cache miss)
193 silly packumentCache full:https://registry.npmjs.org/@typeschema%2fvalibot set size:undefined disposed:false
194 silly fetch manifest @gcornut/valibot-json-schema@^0.37.0
195 silly packumentCache full:https://registry.npmjs.org/@gcornut%2fvalibot-json-schema cache-miss
196 http fetch GET 200 https://registry.npmjs.org/@gcornut%2fvalibot-json-schema 821ms (cache miss)
197 silly packumentCache full:https://registry.npmjs.org/@gcornut%2fvalibot-json-schema set size:undefined disposed:false
198 silly fetch manifest valibot@^0.39.0
199 silly packumentCache full:https://registry.npmjs.org/valibot cache-miss
200 http fetch GET 200 https://registry.npmjs.org/valibot 52ms (cache miss)
201 silly packumentCache full:https://registry.npmjs.org/valibot set size:undefined disposed:false
202 silly fetch manifest typescript@^5
203 silly packumentCache full:https://registry.npmjs.org/typescript cache-miss
204 http cache https://registry.npmjs.org/typescript 23ms (cache hit)
205 silly packumentCache full:https://registry.npmjs.org/typescript set size:15497205 disposed:false
206 silly fetch manifest @typeschema/valita@0.2.0
207 silly packumentCache full:https://registry.npmjs.org/@typeschema%2fvalita cache-miss
208 http fetch GET 200 https://registry.npmjs.org/@typeschema%2fvalita 952ms (cache miss)
209 silly packumentCache full:https://registry.npmjs.org/@typeschema%2fvalita set size:undefined disposed:false
210 silly fetch manifest @badrap/valita@^0.3.9
211 silly packumentCache full:https://registry.npmjs.org/@badrap%2fvalita cache-miss
212 http fetch GET 200 https://registry.npmjs.org/@badrap%2fvalita 1097ms (cache miss)
213 silly packumentCache full:https://registry.npmjs.org/@badrap%2fvalita set size:undefined disposed:false
214 silly fetch manifest @typeschema/vine@0.2.0
215 silly packumentCache full:https://registry.npmjs.org/@typeschema%2fvine cache-miss
216 http fetch GET 200 https://registry.npmjs.org/@typeschema%2fvine 950ms (cache miss)
217 silly packumentCache full:https://registry.npmjs.org/@typeschema%2fvine set size:undefined disposed:false
218 silly fetch manifest @vinejs/vine@^2.1.0
219 silly packumentCache full:https://registry.npmjs.org/@vinejs%2fvine cache-miss
220 http fetch GET 200 https://registry.npmjs.org/@vinejs%2fvine 922ms (cache miss)
221 silly packumentCache full:https://registry.npmjs.org/@vinejs%2fvine set size:undefined disposed:false
222 silly fetch manifest @typeschema/yup@0.14.0
223 silly packumentCache full:https://registry.npmjs.org/@typeschema%2fyup cache-miss
224 http fetch GET 200 https://registry.npmjs.org/@typeschema%2fyup 839ms (cache miss)
225 silly packumentCache full:https://registry.npmjs.org/@typeschema%2fyup set size:undefined disposed:false
226 silly fetch manifest @sodaru/yup-to-json-schema@^2.0.1
227 silly packumentCache full:https://registry.npmjs.org/@sodaru%2fyup-to-json-schema cache-miss
228 http fetch GET 200 https://registry.npmjs.org/@sodaru%2fyup-to-json-schema 1003ms (cache miss)
229 silly packumentCache full:https://registry.npmjs.org/@sodaru%2fyup-to-json-schema set size:undefined disposed:false
230 silly fetch manifest yup@^1.4.0
231 silly packumentCache full:https://registry.npmjs.org/yup cache-miss
232 http fetch GET 200 https://registry.npmjs.org/yup 580ms (cache miss)
233 silly packumentCache full:https://registry.npmjs.org/yup set size:undefined disposed:false
234 silly fetch manifest @typeschema/zod@0.14.0
235 silly packumentCache full:https://registry.npmjs.org/@typeschema%2fzod cache-miss
236 http fetch GET 200 https://registry.npmjs.org/@typeschema%2fzod 836ms (cache miss)
237 silly packumentCache full:https://registry.npmjs.org/@typeschema%2fzod set size:undefined disposed:false
238 silly fetch manifest zod@*
239 silly packumentCache full:https://registry.npmjs.org/zod cache-miss
240 http cache https://registry.npmjs.org/zod 8ms (cache hit)
241 silly packumentCache full:https://registry.npmjs.org/zod set size:3552562 disposed:false
242 silly fetch manifest zod@^3.23.8
243 silly packumentCache full:https://registry.npmjs.org/zod cache-miss
244 http cache https://registry.npmjs.org/zod 14ms (cache hit)
245 silly packumentCache full:https://registry.npmjs.org/zod set size:3552562 disposed:false
246 silly fetch manifest zod-to-json-schema@^3.23.2
247 silly packumentCache full:https://registry.npmjs.org/zod-to-json-schema cache-miss
248 http fetch GET 200 https://registry.npmjs.org/zod-to-json-schema 449ms (cache miss)
249 silly packumentCache full:https://registry.npmjs.org/zod-to-json-schema set size:undefined disposed:false
250 silly fetch manifest ajv-errors@^3.0.0
251 silly packumentCache full:https://registry.npmjs.org/ajv-errors cache-miss
252 http fetch GET 200 https://registry.npmjs.org/ajv-errors 332ms (cache miss)
253 silly packumentCache full:https://registry.npmjs.org/ajv-errors set size:undefined disposed:false
254 silly fetch manifest ajv-formats@^2.1.1
255 silly packumentCache full:https://registry.npmjs.org/ajv-formats cache-miss
256 http fetch GET 200 https://registry.npmjs.org/ajv-formats 359ms (cache miss)
257 silly packumentCache full:https://registry.npmjs.org/ajv-formats set size:undefined disposed:false
258 silly fetch manifest ata-validator@^0.7.0
259 silly packumentCache full:https://registry.npmjs.org/ata-validator cache-miss
260 http fetch GET 200 https://registry.npmjs.org/ata-validator 366ms (cache miss)
261 silly packumentCache full:https://registry.npmjs.org/ata-validator set size:undefined disposed:false
262 silly fetch manifest class-transformer@>=0.4.0
263 silly packumentCache full:https://registry.npmjs.org/class-transformer cache-miss
264 http fetch GET 200 https://registry.npmjs.org/class-transformer 388ms (cache miss)
265 silly packumentCache full:https://registry.npmjs.org/class-transformer set size:undefined disposed:false
266 silly fetch manifest computed-types@^1.0.0
267 silly packumentCache full:https://registry.npmjs.org/computed-types cache-miss
268 http fetch GET 200 https://registry.npmjs.org/computed-types 404ms (cache miss)
269 silly packumentCache full:https://registry.npmjs.org/computed-types set size:undefined disposed:false
270 silly fetch manifest fluentvalidation-ts@^3.0.0
271 silly packumentCache full:https://registry.npmjs.org/fluentvalidation-ts cache-miss
272 http fetch GET 200 https://registry.npmjs.org/fluentvalidation-ts 413ms (cache miss)
273 silly packumentCache full:https://registry.npmjs.org/fluentvalidation-ts set size:undefined disposed:false
274 silly fetch manifest nope-validator@>=0.12.0
275 silly packumentCache full:https://registry.npmjs.org/nope-validator cache-miss
276 http fetch GET 200 https://registry.npmjs.org/nope-validator 362ms (cache miss)
277 silly packumentCache full:https://registry.npmjs.org/nope-validator set size:undefined disposed:false
278 silly fetch manifest typanion@^3.3.2
279 silly packumentCache full:https://registry.npmjs.org/typanion cache-miss
280 http fetch GET 200 https://registry.npmjs.org/typanion 388ms (cache miss)
281 silly packumentCache full:https://registry.npmjs.org/typanion set size:undefined disposed:false
282 silly fetch manifest vest@>=3.0.0
283 silly packumentCache full:https://registry.npmjs.org/vest cache-miss
284 http fetch GET 200 https://registry.npmjs.org/vest 809ms (cache miss)
285 silly packumentCache full:https://registry.npmjs.org/vest set size:undefined disposed:false
286 silly fetch manifest class-variance-authority@*
287 silly packumentCache full:https://registry.npmjs.org/class-variance-authority cache-miss
288 http fetch GET 200 https://registry.npmjs.org/class-variance-authority 379ms (cache miss)
289 silly packumentCache full:https://registry.npmjs.org/class-variance-authority set size:undefined disposed:false
290 silly fetch manifest clsx@*
291 silly packumentCache full:https://registry.npmjs.org/clsx cache-miss
292 http fetch GET 200 https://registry.npmjs.org/clsx 333ms (cache miss)
293 silly packumentCache full:https://registry.npmjs.org/clsx set size:undefined disposed:false
294 silly fetch manifest tailwind-merge@*
295 silly packumentCache full:https://registry.npmjs.org/tailwind-merge cache-miss
296 http fetch GET 200 https://registry.npmjs.org/tailwind-merge 523ms (cache miss)
297 silly packumentCache full:https://registry.npmjs.org/tailwind-merge set size:undefined disposed:false
298 silly fetch manifest lucide-react@*
299 silly packumentCache full:https://registry.npmjs.org/lucide-react cache-miss
300 http fetch GET 200 https://registry.npmjs.org/lucide-react 591ms (cache miss)
301 silly packumentCache full:https://registry.npmjs.org/lucide-react set size:undefined disposed:false
302 silly placeDep ROOT @hookform/resolvers@5.5.7 OK for: football-auction@0.1.0 want: *
303 silly placeDep ROOT react-hook-form@7.83.0 OK for: @hookform/resolvers@5.5.7 want: ^7.55.0
304 silly placeDep ROOT ajv@8.20.0 REPLACE for: @hookform/resolvers@5.5.7 want: ^8.12.0
305 silly placeDep ROOT @supabase/ssr@0.12.4 OK for: football-auction@0.1.0 want: *
306 silly placeDep ROOT @supabase/supabase-js@2.111.0 OK for: @supabase/ssr@0.12.4 want: ^2.111.0
307 silly placeDep ROOT @supabase/supabase-js@2.111.0 REPLACE for: football-auction@0.1.0 want: *
308 silly placeDep ROOT class-variance-authority@0.7.1 OK for: football-auction@0.1.0 want: *
309 silly placeDep ROOT clsx@2.1.1 OK for: football-auction@0.1.0 want: *
310 silly placeDep ROOT lucide-react@1.28.0 OK for: football-auction@0.1.0 want: *
311 silly placeDep ROOT react-hook-form@7.83.0 REPLACE for: football-auction@0.1.0 want: *
312 silly placeDep ROOT tailwind-merge@3.6.0 OK for: football-auction@0.1.0 want: *
313 silly placeDep ROOT zod@3.25.76 REPLACE for: football-auction@0.1.0 want: *
314 silly placeDep ROOT zustand@5.0.14 OK for: football-auction@0.1.0 want: *
315 silly fetch manifest @standard-schema/utils@^0.3.0
316 silly packumentCache full:https://registry.npmjs.org/@standard-schema%2futils cache-miss
317 silly fetch manifest fast-uri@^3.0.1
318 silly packumentCache full:https://registry.npmjs.org/fast-uri cache-miss
319 silly fetch manifest json-schema-traverse@^1.0.0
320 silly packumentCache full:https://registry.npmjs.org/json-schema-traverse cache-miss
321 silly fetch manifest require-from-string@^2.0.2
322 silly packumentCache full:https://registry.npmjs.org/require-from-string cache-miss
323 silly fetch manifest cookie@^1.0.2
324 silly packumentCache full:https://registry.npmjs.org/cookie cache-miss
325 silly fetch manifest @supabase/auth-js@2.111.0
326 silly packumentCache full:https://registry.npmjs.org/@supabase%2fauth-js cache-miss
327 silly fetch manifest @supabase/storage-js@2.111.0
328 silly packumentCache full:https://registry.npmjs.org/@supabase%2fstorage-js cache-miss
329 http cache https://registry.npmjs.org/json-schema-traverse 27ms (cache hit)
330 silly packumentCache full:https://registry.npmjs.org/json-schema-traverse set size:23537 disposed:false
331 silly fetch manifest @supabase/realtime-js@2.111.0
332 silly packumentCache full:https://registry.npmjs.org/@supabase%2frealtime-js cache-miss
333 http fetch GET 200 https://registry.npmjs.org/cookie 116ms (cache miss)
334 silly packumentCache full:https://registry.npmjs.org/cookie set size:undefined disposed:false
335 silly fetch manifest @supabase/functions-js@2.111.0
336 silly packumentCache full:https://registry.npmjs.org/@supabase%2ffunctions-js cache-miss
337 http fetch GET 200 https://registry.npmjs.org/require-from-string 133ms (cache miss)
338 silly packumentCache full:https://registry.npmjs.org/require-from-string set size:undefined disposed:false
339 silly fetch manifest @supabase/postgrest-js@2.111.0
340 silly packumentCache full:https://registry.npmjs.org/@supabase%2fpostgrest-js cache-miss
341 http fetch GET 200 https://registry.npmjs.org/fast-uri 323ms (cache miss)
342 silly packumentCache full:https://registry.npmjs.org/fast-uri set size:undefined disposed:false
343 silly fetch manifest @supabase/auth-js@2.111.0
344 silly packumentCache full:https://registry.npmjs.org/@supabase%2fauth-js cache-miss
345 http fetch GET 200 https://registry.npmjs.org/@standard-schema%2futils 922ms (cache miss)
346 silly packumentCache full:https://registry.npmjs.org/@standard-schema%2futils set size:undefined disposed:false
347 silly fetch manifest @supabase/storage-js@2.111.0
348 silly packumentCache full:https://registry.npmjs.org/@supabase%2fstorage-js cache-miss
349 http fetch GET 200 https://registry.npmjs.org/@supabase%2frealtime-js 982ms (cache miss)
350 silly packumentCache full:https://registry.npmjs.org/@supabase%2frealtime-js set size:undefined disposed:false
351 silly fetch manifest @supabase/functions-js@2.111.0
352 silly packumentCache full:https://registry.npmjs.org/@supabase%2ffunctions-js cache-miss
353 http fetch GET 200 https://registry.npmjs.org/@supabase%2fpostgrest-js 995ms (cache miss)
354 silly packumentCache full:https://registry.npmjs.org/@supabase%2fpostgrest-js set size:undefined disposed:false
355 silly fetch manifest clsx@^2.1.1
356 silly packumentCache full:https://registry.npmjs.org/clsx cache-miss
357 http cache https://registry.npmjs.org/clsx 9ms (cache hit)
358 silly packumentCache full:https://registry.npmjs.org/clsx set size:42506 disposed:false
359 http fetch GET 200 https://registry.npmjs.org/@supabase%2ffunctions-js 1030ms (cache miss)
360 silly packumentCache full:https://registry.npmjs.org/@supabase%2ffunctions-js set size:undefined disposed:false
361 http fetch GET 200 https://registry.npmjs.org/@supabase%2ffunctions-js 156ms (cache miss)
362 silly packumentCache full:https://registry.npmjs.org/@supabase%2ffunctions-js set size:undefined disposed:false
363 http fetch GET 200 https://registry.npmjs.org/@supabase%2fstorage-js 256ms (cache miss)
364 silly packumentCache full:https://registry.npmjs.org/@supabase%2fstorage-js set size:undefined disposed:false
365 http fetch GET 200 https://registry.npmjs.org/@supabase%2fstorage-js 1184ms (cache miss)
366 silly packumentCache full:https://registry.npmjs.org/@supabase%2fstorage-js set size:undefined disposed:false
367 http fetch GET 200 https://registry.npmjs.org/@supabase%2fauth-js 1242ms (cache miss)
368 silly packumentCache full:https://registry.npmjs.org/@supabase%2fauth-js set size:undefined disposed:false
369 http fetch GET 200 https://registry.npmjs.org/@supabase%2fauth-js 946ms (cache miss)
370 silly packumentCache full:https://registry.npmjs.org/@supabase%2fauth-js set size:undefined disposed:false
371 silly fetch manifest ajv@^6.14.0
372 silly packumentCache full:https://registry.npmjs.org/ajv cache-miss
373 http cache https://registry.npmjs.org/ajv 8ms (cache hit)
374 silly packumentCache full:https://registry.npmjs.org/ajv set size:1142658 disposed:false
375 silly placeDep node_modules/@eslint/eslintrc ajv@6.15.0 OK for: @eslint/eslintrc@3.3.6 want: ^6.14.0
376 silly fetch manifest uri-js@^4.2.2
377 silly packumentCache full:https://registry.npmjs.org/uri-js cache-miss
378 silly fetch manifest json-schema-traverse@^0.4.1
379 silly packumentCache full:https://registry.npmjs.org/json-schema-traverse cache-hit
380 silly fetch manifest fast-json-stable-stringify@^2.0.0
381 silly packumentCache full:https://registry.npmjs.org/fast-json-stable-stringify cache-miss
382 http cache https://registry.npmjs.org/uri-js 6ms (cache hit)
383 silly packumentCache full:https://registry.npmjs.org/uri-js set size:42559 disposed:false
384 http cache https://registry.npmjs.org/fast-json-stable-stringify 6ms (cache hit)
385 silly packumentCache full:https://registry.npmjs.org/fast-json-stable-stringify set size:11337 disposed:false
386 silly placeDep ROOT @standard-schema/utils@0.3.0 OK for: @hookform/resolvers@5.5.7 want: ^0.3.0
387 silly placeDep ROOT cookie@1.1.1 OK for: @supabase/ssr@0.12.4 want: ^1.0.2
388 silly placeDep ROOT @supabase/auth-js@2.111.0 OK for: @supabase/supabase-js@2.111.0 want: 2.111.0
389 silly placeDep ROOT @supabase/functions-js@2.111.0 OK for: @supabase/supabase-js@2.111.0 want: 2.111.0
390 silly placeDep ROOT @supabase/postgrest-js@2.111.0 OK for: @supabase/supabase-js@2.111.0 want: 2.111.0
391 silly placeDep ROOT @supabase/realtime-js@2.111.0 OK for: @supabase/supabase-js@2.111.0 want: 2.111.0
392 silly placeDep ROOT @supabase/storage-js@2.111.0 OK for: @supabase/supabase-js@2.111.0 want: 2.111.0
393 silly fetch manifest @supabase/phoenix@0.4.5
394 silly packumentCache full:https://registry.npmjs.org/@supabase%2fphoenix cache-miss
395 silly fetch manifest iceberg-js@^0.8.1
396 silly packumentCache full:https://registry.npmjs.org/iceberg-js cache-miss
397 http fetch GET 200 https://registry.npmjs.org/iceberg-js 312ms (cache miss)
398 silly packumentCache full:https://registry.npmjs.org/iceberg-js set size:undefined disposed:false
399 http fetch GET 200 https://registry.npmjs.org/@supabase%2fphoenix 848ms (cache miss)
400 silly packumentCache full:https://registry.npmjs.org/@supabase%2fphoenix set size:undefined disposed:false
401 silly placeDep ROOT @supabase/phoenix@0.4.5 OK for: @supabase/realtime-js@2.111.0 want: 0.4.5
402 silly placeDep ROOT iceberg-js@0.8.1 OK for: @supabase/storage-js@2.111.0 want: ^0.8.1
403 silly placeDep ROOT fast-uri@3.1.5 OK for: ajv@8.20.0 want: ^3.0.1
404 silly placeDep ROOT json-schema-traverse@1.0.0 OK for: ajv@8.20.0 want: ^1.0.0
405 silly placeDep ROOT require-from-string@2.0.2 OK for: ajv@8.20.0 want: ^2.0.2
406 silly placeDep node_modules/eslint ajv@6.15.0 OK for: eslint@9.39.5 want: ^6.14.0
407 silly placeDep ROOT fast-json-stable-stringify@2.1.0 OK for: ajv@6.15.0 want: ^2.0.0
408 silly placeDep node_modules/@eslint/eslintrc json-schema-traverse@0.4.1 OK for: ajv@6.15.0 want: ^0.4.1
409 silly placeDep ROOT uri-js@4.4.1 OK for: ajv@6.15.0 want: ^4.2.2
410 silly fetch manifest punycode@^2.1.0
411 silly packumentCache full:https://registry.npmjs.org/punycode cache-miss
412 http cache https://registry.npmjs.org/punycode 3ms (cache hit)
413 silly packumentCache full:https://registry.npmjs.org/punycode set size:61278 disposed:false
414 silly placeDep ROOT punycode@2.3.1 OK for: uri-js@4.4.1 want: ^2.1.0
415 silly placeDep node_modules/eslint json-schema-traverse@0.4.1 OK for: ajv@6.15.0 want: ^0.4.1
416 silly reify mark retired [ '/Users/mushfiq/Desktop/Football/football-auction/node_modules/ajv' ]
417 silly reify mark retired [
417 silly reify   '/Users/mushfiq/Desktop/Football/football-auction/node_modules/json-schema-traverse'
417 silly reify ]
418 silly reify mark retired [ '/Users/mushfiq/Desktop/Football/football-auction/node_modules/zod' ]
419 silly reify moves {
419 silly reify   '/Users/mushfiq/Desktop/Football/football-auction/node_modules/ajv': '/Users/mushfiq/Desktop/Football/football-auction/node_modules/.ajv-GD1VzoT4',
419 silly reify   '/Users/mushfiq/Desktop/Football/football-auction/node_modules/json-schema-traverse': '/Users/mushfiq/Desktop/Football/football-auction/node_modules/.json-schema-traverse-4iZ5f8Ec',
419 silly reify   '/Users/mushfiq/Desktop/Football/football-auction/node_modules/zod': '/Users/mushfiq/Desktop/Football/football-auction/node_modules/.zod-1hncFVF6'
419 silly reify }
420 silly audit bulk request {
420 silly audit   '@alloc/quick-lru': [ '5.2.0' ],
420 silly audit   '@babel/code-frame': [ '7.29.7' ],
420 silly audit   '@babel/compat-data': [ '7.29.7' ],
420 silly audit   '@babel/core': [ '7.29.7' ],
420 silly audit   '@babel/generator': [ '7.29.8' ],
420 silly audit   '@babel/helper-compilation-targets': [ '7.29.7' ],
420 silly audit   '@babel/helper-globals': [ '7.29.7' ],
420 silly audit   '@babel/helper-module-imports': [ '7.29.7' ],
420 silly audit   '@babel/helper-module-transforms': [ '7.29.7' ],
420 silly audit   '@babel/helper-string-parser': [ '7.29.7' ],
420 silly audit   '@babel/helper-validator-identifier': [ '7.29.7' ],
420 silly audit   '@babel/helper-validator-option': [ '7.29.7' ],
420 silly audit   '@babel/helpers': [ '7.29.7' ],
420 silly audit   '@babel/parser': [ '7.29.8' ],
420 silly audit   '@babel/template': [ '7.29.7' ],
420 silly audit   '@babel/traverse': [ '7.29.8' ],
420 silly audit   '@babel/types': [ '7.29.8' ],
420 silly audit   '@emnapi/core': [ '1.10.0' ],
420 silly audit   '@emnapi/runtime': [ '1.11.3', '1.10.0' ],
420 silly audit   '@emnapi/wasi-threads': [ '1.2.1' ],
420 silly audit   '@eslint-community/eslint-utils': [ '4.10.1' ],
420 silly audit   'eslint-visitor-keys': [ '3.4.3', '5.0.1', '4.2.1' ],
420 silly audit   '@eslint-community/regexpp': [ '4.12.2' ],
420 silly audit   '@eslint/config-array': [ '0.21.2' ],
420 silly audit   '@eslint/config-helpers': [ '0.4.2' ],
420 silly audit   '@eslint/core': [ '0.17.0' ],
420 silly audit   '@eslint/eslintrc': [ '3.3.6' ],
420 silly audit   '@eslint/js': [ '9.39.5' ],
420 silly audit   '@eslint/object-schema': [ '2.1.7' ],
420 silly audit   '@eslint/plugin-kit': [ '0.4.1' ],
420 silly audit   '@humanfs/core': [ '0.19.2' ],
420 silly audit   '@humanfs/node': [ '0.16.8' ],
420 silly audit   '@humanfs/types': [ '0.15.0' ],
420 silly audit   '@humanwhocodes/module-importer': [ '1.0.1' ],
420 silly audit   '@humanwhocodes/retry': [ '0.4.3' ],
420 silly audit   '@img/colour': [ '1.1.0' ],
420 silly audit   '@img/sharp-darwin-arm64': [ '0.34.5' ],
420 silly audit   '@img/sharp-darwin-x64': [ '0.34.5' ],
420 silly audit   '@img/sharp-libvips-darwin-arm64': [ '1.2.4' ],
420 silly audit   '@img/sharp-libvips-darwin-x64': [ '1.2.4' ],
420 silly audit   '@img/sharp-libvips-linux-arm': [ '1.2.4' ],
420 silly audit   '@img/sharp-libvips-linux-arm64': [ '1.2.4' ],
420 silly audit   '@img/sharp-libvips-linux-ppc64': [ '1.2.4' ],
420 silly audit   '@img/sharp-libvips-linux-riscv64': [ '1.2.4' ],
420 silly audit   '@img/sharp-libvips-linux-s390x': [ '1.2.4' ],
420 silly audit   '@img/sharp-libvips-linux-x64': [ '1.2.4' ],
420 silly audit   '@img/sharp-libvips-linuxmusl-arm64': [ '1.2.4' ],
420 silly audit   '@img/sharp-libvips-linuxmusl-x64': [ '1.2.4' ],
420 silly audit   '@img/sharp-linux-arm': [ '0.34.5' ],
420 silly audit   '@img/sharp-linux-arm64': [ '0.34.5' ],
420 silly audit   '@img/sharp-linux-ppc64': [ '0.34.5' ],
420 silly audit   '@img/sharp-linux-riscv64': [ '0.34.5' ],
420 silly audit   '@img/sharp-linux-s390x': [ '0.34.5' ],
420 silly audit   '@img/sharp-linux-x64': [ '0.34.5' ],
420 silly audit   '@img/sharp-linuxmusl-arm64': [ '0.34.5' ],
420 silly audit   '@img/sharp-linuxmusl-x64': [ '0.34.5' ],
420 silly audit   '@img/sharp-wasm32': [ '0.34.5' ],
420 silly audit   '@img/sharp-win32-arm64': [ '0.34.5' ],
420 silly audit   '@img/sharp-win32-ia32': [ '0.34.5' ],
420 silly audit   '@img/sharp-win32-x64': [ '0.34.5' ],
420 silly audit   '@jridgewell/gen-mapping': [ '0.3.13' ],
420 silly audit   '@jridgewell/remapping': [ '2.3.5' ],
420 silly audit   '@jridgewell/resolve-uri': [ '3.1.2' ],
420 silly audit   '@jridgewell/sourcemap-codec': [ '1.5.5' ],
420 silly audit   '@jridgewell/trace-mapping': [ '0.3.31' ],
420 silly audit   '@napi-rs/wasm-runtime': [ '1.2.2' ],
420 silly audit   '@next/env': [ '16.2.12' ],
420 silly audit   '@next/eslint-plugin-next': [ '16.2.12' ],
420 silly audit   '@next/swc-darwin-arm64': [ '16.2.12' ],
420 silly audit   '@next/swc-darwin-x64': [ '16.2.12' ],
420 silly audit   '@next/swc-linux-arm64-gnu': [ '16.2.12' ],
420 silly audit   '@next/swc-linux-arm64-musl': [ '16.2.12' ],
420 silly audit   '@next/swc-linux-x64-gnu': [ '16.2.12' ],
420 silly audit   '@next/swc-linux-x64-musl': [ '16.2.12' ],
420 silly audit   '@next/swc-win32-arm64-msvc': [ '16.2.12' ],
420 silly audit   '@next/swc-win32-x64-msvc': [ '16.2.12' ],
420 silly audit   '@nodelib/fs.scandir': [ '2.1.5' ],
420 silly audit   '@nodelib/fs.stat': [ '2.0.5' ],
420 silly audit   '@nodelib/fs.walk': [ '1.2.8' ],
420 silly audit   '@nolyfill/is-core-module': [ '1.0.39' ],
420 silly audit   '@rtsao/scc': [ '1.1.0' ],
420 silly audit   '@swc/helpers': [ '0.5.15' ],
420 silly audit   '@tailwindcss/node': [ '4.3.3' ],
420 silly audit   '@tailwindcss/oxide': [ '4.3.3' ],
420 silly audit   '@tailwindcss/oxide-android-arm64': [ '4.3.3' ],
420 silly audit   '@tailwindcss/oxide-darwin-arm64': [ '4.3.3' ],
420 silly audit   '@tailwindcss/oxide-darwin-x64': [ '4.3.3' ],
420 silly audit   '@tailwindcss/oxide-freebsd-x64': [ '4.3.3' ],
420 silly audit   '@tailwindcss/oxide-linux-arm-gnueabihf': [ '4.3.3' ],
420 silly audit   '@tailwindcss/oxide-linux-arm64-gnu': [ '4.3.3' ],
420 silly audit   '@tailwindcss/oxide-linux-arm64-musl': [ '4.3.3' ],
420 silly audit   '@tailwindcss/oxide-linux-x64-gnu': [ '4.3.3' ],
420 silly audit   '@tailwindcss/oxide-linux-x64-musl': [ '4.3.3' ],
420 silly audit   '@tailwindcss/oxide-wasm32-wasi': [ '4.3.3' ],
420 silly audit   '@tailwindcss/oxide-win32-arm64-msvc': [ '4.3.3' ],
420 silly audit   '@tailwindcss/oxide-win32-x64-msvc': [ '4.3.3' ],
420 silly audit   '@tailwindcss/postcss': [ '4.3.3' ],
420 silly audit   '@tybys/wasm-util': [ '0.10.3' ],
420 silly audit   '@types/estree': [ '1.0.9' ],
420 silly audit   '@types/json-schema': [ '7.0.15' ],
420 silly audit   '@types/json5': [ '0.0.29' ],
420 silly audit   '@types/node': [ '20.19.43' ],
420 silly audit   '@types/react': [ '19.2.18' ],
420 silly audit   '@types/react-dom': [ '19.2.4' ],
420 silly audit   '@typescript-eslint/eslint-plugin': [ '8.65.0' ],
420 silly audit   ignore: [ '7.0.6', '5.3.2' ],
420 silly audit   '@typescript-eslint/parser': [ '8.65.0' ],
420 silly audit   '@typescript-eslint/project-service': [ '8.65.0' ],
420 silly audit   '@typescript-eslint/scope-manager': [ '8.65.0' ],
420 silly audit   '@typescript-eslint/tsconfig-utils': [ '8.65.0' ],
420 silly audit   '@typescript-eslint/type-utils': [ '8.65.0' ],
420 silly audit   '@typescript-eslint/types': [ '8.65.0' ],
420 silly audit   '@typescript-eslint/typescript-estree': [ '8.65.0' ],
420 silly audit   'balanced-match': [ '4.0.4', '1.0.2' ],
420 silly audit   'brace-expansion': [ '5.0.9', '1.1.18' ],
420 silly audit   minimatch: [ '10.2.6', '3.1.5' ],
420 silly audit   semver: [ '7.8.5', '6.3.1' ],
420 silly audit   '@typescript-eslint/utils': [ '8.65.0' ],
420 silly audit   '@typescript-eslint/visitor-keys': [ '8.65.0' ],
420 silly audit   '@unrs/resolver-binding-android-arm-eabi': [ '1.12.2' ],
420 silly audit   '@unrs/resolver-binding-android-arm64': [ '1.12.2' ],
420 silly audit   '@unrs/resolver-binding-darwin-arm64': [ '1.12.2' ],
420 silly audit   '@unrs/resolver-binding-darwin-x64': [ '1.12.2' ],
420 silly audit   '@unrs/resolver-binding-freebsd-x64': [ '1.12.2' ],
420 silly audit   '@unrs/resolver-binding-linux-arm-gnueabihf': [ '1.12.2' ],
420 silly audit   '@unrs/resolver-binding-linux-arm-musleabihf': [ '1.12.2' ],
420 silly audit   '@unrs/resolver-binding-linux-arm64-gnu': [ '1.12.2' ],
420 silly audit   '@unrs/resolver-binding-linux-arm64-musl': [ '1.12.2' ],
420 silly audit   '@unrs/resolver-binding-linux-loong64-gnu': [ '1.12.2' ],
420 silly audit   '@unrs/resolver-binding-linux-loong64-musl': [ '1.12.2' ],
420 silly audit   '@unrs/resolver-binding-linux-ppc64-gnu': [ '1.12.2' ],
420 silly audit   '@unrs/resolver-binding-linux-riscv64-gnu': [ '1.12.2' ],
420 silly audit   '@unrs/resolver-binding-linux-riscv64-musl': [ '1.12.2' ],
420 silly audit   '@unrs/resolver-binding-linux-s390x-gnu': [ '1.12.2' ],
420 silly audit   '@unrs/resolver-binding-linux-x64-gnu': [ '1.12.2' ],
420 silly audit   '@unrs/resolver-binding-linux-x64-musl': [ '1.12.2' ],
420 silly audit   '@unrs/resolver-binding-openharmony-arm64': [ '1.12.2' ],
420 silly audit   '@unrs/resolver-binding-wasm32-wasi': [ '1.12.2' ],
420 silly audit   '@unrs/resolver-binding-win32-arm64-msvc': [ '1.12.2' ],
420 silly audit   '@unrs/resolver-binding-win32-ia32-msvc': [ '1.12.2' ],
420 silly audit   '@unrs/resolver-binding-win32-x64-msvc': [ '1.12.2' ],
420 silly audit   acorn: [ '8.18.0' ],
420 silly audit   'acorn-jsx': [ '5.3.2' ],
420 silly audit   'ansi-styles': [ '4.3.0' ],
420 silly audit   argparse: [ '2.0.1' ],
420 silly audit   'aria-query': [ '5.3.2' ],
420 silly audit   'array-buffer-byte-length': [ '1.0.2' ],
420 silly audit   'array-includes': [ '3.1.9' ],
420 silly audit   'array.prototype.findlast': [ '1.2.5' ],
420 silly audit   'array.prototype.findlastindex': [ '1.2.6' ],
420 silly audit   'array.prototype.flat': [ '1.3.3' ],
420 silly audit   'array.prototype.flatmap': [ '1.3.3' ],
420 silly audit   'array.prototype.tosorted': [ '1.1.4' ],
420 silly audit   'arraybuffer.prototype.slice': [ '1.0.4' ],
420 silly audit   'ast-types-flow': [ '0.0.8' ],
420 silly audit   'async-function': [ '1.0.0' ],
420 silly audit   'available-typed-arrays': [ '1.0.7' ],
420 silly audit   'axe-core': [ '4.12.1' ],
420 silly audit   'axobject-query': [ '4.1.0' ],
420 silly audit   'baseline-browser-mapping': [ '2.11.9' ],
420 silly audit   braces: [ '3.0.3' ],
420 silly audit   browserslist: [ '4.28.7' ],
420 silly audit   'call-bind': [ '1.0.9' ],
420 silly audit   'call-bind-apply-helpers': [ '1.0.2' ],
420 silly audit   'call-bound': [ '1.0.4' ],
420 silly audit   callsites: [ '3.1.0' ],
420 silly audit   'caniuse-lite': [ '1.0.30001806' ],
420 silly audit   chalk: [ '4.1.2' ],
420 silly audit   'client-only': [ '0.0.1' ],
420 silly audit   'color-convert': [ '2.0.1' ],
420 silly audit   'color-name': [ '1.1.4' ],
420 silly audit   'concat-map': [ '0.0.1' ],
420 silly audit   'convert-source-map': [ '2.0.0' ],
420 silly audit   'cross-spawn': [ '7.0.6' ],
420 silly audit   csstype: [ '3.2.3' ],
420 silly audit   'damerau-levenshtein': [ '1.0.8' ],
420 silly audit   'data-view-buffer': [ '1.0.2' ],
420 silly audit   'data-view-byte-length': [ '1.0.2' ],
420 silly audit   'data-view-byte-offset': [ '1.0.1' ],
420 silly audit   debug: [ '4.4.3', '3.2.7' ],
420 silly audit   'deep-is': [ '0.1.4' ],
420 silly audit   'define-data-property': [ '1.1.4' ],
420 silly audit   'define-properties': [ '1.2.1' ],
420 silly audit   'detect-libc': [ '2.1.2' ],
420 silly audit   doctrine: [ '2.1.0' ],
420 silly audit   'dunder-proto': [ '1.0.1' ],
420 silly audit   'electron-to-chromium': [ '1.5.399' ],
420 silly audit   'emoji-regex': [ '9.2.2' ],
420 silly audit   'enhanced-resolve': [ '5.24.5' ],
420 silly audit   'es-abstract': [ '1.24.2' ],
420 silly audit   'es-abstract-get': [ '1.0.0' ],
420 silly audit   'es-define-property': [ '1.0.1' ],
420 silly audit   'es-errors': [ '1.3.0' ],
420 silly audit   'es-iterator-helpers': [ '1.4.0' ],
420 silly audit   'es-object-atoms': [ '1.1.2' ],
420 silly audit   'es-set-tostringtag': [ '2.1.0' ],
420 silly audit   'es-shim-unscopables': [ '1.1.0' ],
420 silly audit   'es-to-primitive': [ '1.3.4' ],
420 silly audit   escalade: [ '3.2.0' ],
420 silly audit   'escape-string-regexp': [ '4.0.0' ],
420 silly audit   eslint: [ '9.39.5' ],
420 silly audit   'eslint-config-next': [ '16.2.12' ],
420 silly audit   globals: [ '16.4.0', '14.0.0' ],
420 silly audit   'eslint-import-resolver-node': [ '0.3.10' ],
420 silly audit   'eslint-import-resolver-typescript': [ '3.10.1' ],
420 silly audit   'eslint-module-utils': [ '2.14.0' ],
420 silly audit   'eslint-plugin-import': [ '2.32.0' ],
420 silly audit   'eslint-plugin-jsx-a11y': [ '6.10.2' ],
420 silly audit   'eslint-plugin-react': [ '7.37.5' ],
420 silly audit   'eslint-plugin-react-hooks': [ '7.1.1' ],
420 silly audit   'eslint-scope': [ '8.4.0' ],
420 silly audit   espree: [ '10.4.0' ],
420 silly audit   esquery: [ '1.7.0' ],
420 silly audit   esrecurse: [ '4.3.0' ],
420 silly audit   estraverse: [ '5.3.0' ],
420 silly audit   esutils: [ '2.0.3' ],
420 silly audit   'fast-deep-equal': [ '3.1.3' ],
420 silly audit   'fast-glob': [ '3.3.1' ],
420 silly audit   'glob-parent': [ '5.1.2', '6.0.2' ],
420 silly audit   'fast-levenshtein': [ '2.0.6' ],
420 silly audit   fastq: [ '1.20.1' ],
420 silly audit   'file-entry-cache': [ '8.0.0' ],
420 silly audit   'fill-range': [ '7.1.1' ],
420 silly audit   'find-up': [ '5.0.0' ],
420 silly audit   'flat-cache': [ '4.0.1' ],
420 silly audit   flatted: [ '3.4.4' ],
420 silly audit   'for-each': [ '0.3.5' ],
420 silly audit   'function-bind': [ '1.1.2' ],
420 silly audit   'function.prototype.name': [ '1.2.0' ],
420 silly audit   'functions-have-names': [ '1.2.3' ],
420 silly audit   'generator-function': [ '2.0.1' ],
420 silly audit   gensync: [ '1.0.0-beta.2' ],
420 silly audit   'get-intrinsic': [ '1.3.0' ],
420 silly audit   'get-proto': [ '1.0.1' ],
420 silly audit   'get-symbol-description': [ '1.1.0' ],
420 silly audit   'get-tsconfig': [ '4.14.0' ],
420 silly audit   globalthis: [ '1.0.4' ],
420 silly audit   gopd: [ '1.2.0' ],
420 silly audit   'graceful-fs': [ '4.2.11' ],
420 silly audit   'has-bigints': [ '1.1.0' ],
420 silly audit   'has-flag': [ '4.0.0' ],
420 silly audit   'has-property-descriptors': [ '1.0.2' ],
420 silly audit   'has-proto': [ '1.2.0' ],
420 silly audit   'has-symbols': [ '1.1.0' ],
420 silly audit   'has-tostringtag': [ '1.0.2' ],
420 silly audit   hasown: [ '2.0.4' ],
420 silly audit   'hermes-estree': [ '0.25.1' ],
420 silly audit   'hermes-parser': [ '0.25.1' ],
420 silly audit   'import-fresh': [ '3.3.1' ],
420 silly audit   imurmurhash: [ '0.1.4' ],
420 silly audit   'internal-slot': [ '1.1.0' ],
420 silly audit   'is-array-buffer': [ '3.0.5' ],
420 silly audit   'is-async-function': [ '2.1.1' ],
420 silly audit   'is-bigint': [ '1.1.0' ],
420 silly audit   'is-boolean-object': [ '1.2.2' ],
420 silly audit   'is-bun-module': [ '2.0.0' ],
420 silly audit   'is-callable': [ '1.2.7' ],
420 silly audit   'is-core-module': [ '2.16.2' ],
420 silly audit   'is-data-view': [ '1.0.2' ],
420 silly audit   'is-date-object': [ '1.1.0' ],
420 silly audit   'is-document.all': [ '1.0.0' ],
420 silly audit   'is-extglob': [ '2.1.1' ],
420 silly audit   'is-finalizationregistry': [ '1.1.1' ],
420 silly audit   'is-generator-function': [ '1.1.2' ],
420 silly audit   'is-glob': [ '4.0.3' ],
420 silly audit   'is-map': [ '2.0.3' ],
420 silly audit   'is-negative-zero': [ '2.0.3' ],
420 silly audit   'is-number': [ '7.0.0' ],
420 silly audit   'is-number-object': [ '1.1.1' ],
420 silly audit   'is-regex': [ '1.2.1' ],
420 silly audit   'is-set': [ '2.0.3' ],
420 silly audit   'is-shared-array-buffer': [ '1.0.4' ],
420 silly audit   'is-string': [ '1.1.1' ],
420 silly audit   'is-symbol': [ '1.1.1' ],
420 silly audit   'is-typed-array': [ '1.1.15' ],
420 silly audit   'is-weakmap': [ '2.0.2' ],
420 silly audit   'is-weakref': [ '1.1.1' ],
420 silly audit   'is-weakset': [ '2.0.4' ],
420 silly audit   isarray: [ '2.0.5' ],
420 silly audit   isexe: [ '2.0.0' ],
420 silly audit   'iterator.prototype': [ '1.1.5' ],
420 silly audit   jiti: [ '2.7.0' ],
420 silly audit   'js-tokens': [ '4.0.0' ],
420 silly audit   'js-yaml': [ '4.3.1' ],
420 silly audit   jsesc: [ '3.1.0' ],
420 silly audit   'json-buffer': [ '3.0.1' ],
420 silly audit   'json-stable-stringify-without-jsonify': [ '1.0.1' ],
420 silly audit   json5: [ '2.2.3', '1.0.2' ],
420 silly audit   'jsx-ast-utils': [ '3.3.5' ],
420 silly audit   keyv: [ '4.5.4' ],
420 silly audit   'language-subtag-registry': [ '0.3.23' ],
420 silly audit   'language-tags': [ '1.0.9' ],
420 silly audit   levn: [ '0.4.1' ],
420 silly audit   lightningcss: [ '1.32.0' ],
420 silly audit   'lightningcss-android-arm64': [ '1.32.0' ],
420 silly audit   'lightningcss-darwin-arm64': [ '1.32.0' ],
420 silly audit   'lightningcss-darwin-x64': [ '1.32.0' ],
420 silly audit   'lightningcss-freebsd-x64': [ '1.32.0' ],
420 silly audit   'lightningcss-linux-arm-gnueabihf': [ '1.32.0' ],
420 silly audit   'lightningcss-linux-arm64-gnu': [ '1.32.0' ],
420 silly audit   'lightningcss-linux-arm64-musl': [ '1.32.0' ],
420 silly audit   'lightningcss-linux-x64-gnu': [ '1.32.0' ],
420 silly audit   'lightningcss-linux-x64-musl': [ '1.32.0' ],
420 silly audit   'lightningcss-win32-arm64-msvc': [ '1.32.0' ],
420 silly audit   'lightningcss-win32-x64-msvc': [ '1.32.0' ],
420 silly audit   'locate-path': [ '6.0.0' ],
420 silly audit   'lodash.merge': [ '4.6.2' ],
420 silly audit   'loose-envify': [ '1.4.0' ],
420 silly audit   'lru-cache': [ '5.1.1' ],
420 silly audit   'magic-string': [ '0.30.21' ],
420 silly audit   'math-intrinsics': [ '1.1.0' ],
420 silly audit   merge2: [ '1.4.1' ],
420 silly audit   micromatch: [ '4.0.8' ],
420 silly audit   minimist: [ '1.2.8' ],
420 silly audit   ms: [ '2.1.3' ],
420 silly audit   nanoid: [ '3.3.16' ],
420 silly audit   'napi-postinstall': [ '0.3.4' ],
420 silly audit   'natural-compare': [ '1.4.0' ],
420 silly audit   next: [ '16.2.12' ],
420 silly audit   postcss: [ '8.4.31', '8.5.25' ],
420 silly audit   'node-exports-info': [ '1.6.2' ],
420 silly audit   'node-releases': [ '2.0.51' ],
420 silly audit   'object-assign': [ '4.1.1' ],
420 silly audit   'object-inspect': [ '1.13.4' ],
420 silly audit   'object-keys': [ '1.1.1' ],
420 silly audit   'object.assign': [ '4.1.7' ],
420 silly audit   'object.entries': [ '1.1.9' ],
420 silly audit   'object.fromentries': [ '2.0.8' ],
420 silly audit   'object.groupby': [ '1.0.3' ],
420 silly audit   'object.values': [ '1.2.1' ],
420 silly audit   optionator: [ '0.9.4' ],
420 silly audit   'own-keys': [ '1.0.2' ],
420 silly audit   'p-limit': [ '3.1.0' ],
420 silly audit   'p-locate': [ '5.0.0' ],
420 silly audit   'parent-module': [ '1.0.1' ],
420 silly audit   'path-exists': [ '4.0.0' ],
420 silly audit   'path-key': [ '3.1.1' ],
420 silly audit   'path-parse': [ '1.0.7' ],
420 silly audit   picocolors: [ '1.1.1' ],
420 silly audit   picomatch: [ '2.3.2', '4.0.5' ],
420 silly audit   'possible-typed-array-names': [ '1.1.0' ],
420 silly audit   'prelude-ls': [ '1.2.1' ],
420 silly audit   'prop-types': [ '15.8.1' ],
420 silly audit   'queue-microtask': [ '1.2.3' ],
420 silly audit   react: [ '19.2.4' ],
420 silly audit   'react-dom': [ '19.2.4' ],
420 silly audit   'react-is': [ '16.13.1' ],
420 silly audit   'reflect.getprototypeof': [ '1.0.10' ],
420 silly audit   'regexp.prototype.flags': [ '1.5.4' ],
420 silly audit   resolve: [ '2.0.0-next.7' ],
420 silly audit   'resolve-from': [ '4.0.0' ],
420 silly audit   'resolve-pkg-maps': [ '1.0.0' ],
420 silly audit   reusify: [ '1.1.0' ],
420 silly audit   'run-parallel': [ '1.2.0' ],
420 silly audit   'safe-array-concat': [ '1.1.4' ],
420 silly audit   'safe-push-apply': [ '1.0.0' ],
420 silly audit   'safe-regex-test': [ '1.1.0' ],
420 silly audit   scheduler: [ '0.27.0' ],
420 silly audit   'set-function-length': [ '1.2.2' ],
420 silly audit   'set-function-name': [ '2.0.2' ],
420 silly audit   'set-proto': [ '1.0.0' ],
420 silly audit   sharp: [ '0.34.5' ],
420 silly audit   'shebang-command': [ '2.0.0' ],
420 silly audit   'shebang-regex': [ '3.0.0' ],
420 silly audit   'side-channel': [ '1.1.1' ],
420 silly audit   'side-channel-list': [ '1.0.1' ],
420 silly audit   'side-channel-map': [ '1.0.1' ],
420 silly audit   'side-channel-weakmap': [ '1.0.2' ],
420 silly audit   'source-map-js': [ '1.2.1' ],
420 silly audit   'stable-hash': [ '0.0.5' ],
420 silly audit   'stop-iteration-iterator': [ '1.1.0' ],
420 silly audit   'string.prototype.includes': [ '2.0.1' ],
420 silly audit   'string.prototype.matchall': [ '4.0.12' ],
420 silly audit   'string.prototype.repeat': [ '1.0.0' ],
420 silly audit   'string.prototype.trim': [ '1.2.11' ],
420 silly audit   'string.prototype.trimend': [ '1.0.10' ],
420 silly audit   'string.prototype.trimstart': [ '1.0.8' ],
420 silly audit   'strip-bom': [ '3.0.0' ],
420 silly audit   'strip-json-comments': [ '3.1.1' ],
420 silly audit   'styled-jsx': [ '5.1.6' ],
420 silly audit   'supports-color': [ '7.2.0' ],
420 silly audit   'supports-preserve-symlinks-flag': [ '1.0.0' ],
420 silly audit   tailwindcss: [ '4.3.3' ],
420 silly audit   tapable: [ '2.3.3' ],
420 silly audit   tinyglobby: [ '0.2.17' ],
420 silly audit   fdir: [ '6.5.0' ],
420 silly audit   'to-regex-range': [ '5.0.1' ],
420 silly audit   'ts-api-utils': [ '2.5.0' ],
420 silly audit   'tsconfig-paths': [ '3.15.0' ],
420 silly audit   tslib: [ '2.8.1' ],
420 silly audit   'type-check': [ '0.4.0' ],
420 silly audit   'typed-array-buffer': [ '1.0.3' ],
420 silly audit   'typed-array-byte-length': [ '1.0.3' ],
420 silly audit   'typed-array-byte-offset': [ '1.0.4' ],
420 silly audit   'typed-array-length': [ '1.0.8' ],
420 silly audit   typescript: [ '5.9.3' ],
420 silly audit   'typescript-eslint': [ '8.65.0' ],
420 silly audit   'unbox-primitive': [ '1.1.0' ],
420 silly audit   'undici-types': [ '6.21.0' ],
420 silly audit   'unrs-resolver': [ '1.12.2' ],
420 silly audit   'update-browserslist-db': [ '1.2.3' ],
420 silly audit   which: [ '2.0.2' ],
420 silly audit   'which-boxed-primitive': [ '1.1.1' ],
420 silly audit   'which-builtin-type': [ '1.2.1' ],
420 silly audit   'which-collection': [ '1.0.2' ],
420 silly audit   'which-typed-array': [ '1.1.22' ],
420 silly audit   'word-wrap': [ '1.2.5' ],
420 silly audit   yallist: [ '3.1.1' ],
420 silly audit   'yocto-queue': [ '0.1.0' ],
420 silly audit   'zod-validation-error': [ '4.0.2' ],
420 silly audit   '@hookform/resolvers': [ '5.5.7' ],
420 silly audit   ajv: [ '6.15.0' ],
420 silly audit   '@supabase/ssr': [ '0.12.4' ],
420 silly audit   '@supabase/supabase-js': [ '2.111.0' ],
420 silly audit   'class-variance-authority': [ '0.7.1' ],
420 silly audit   clsx: [ '2.1.1' ],
420 silly audit   'lucide-react': [ '1.28.0' ],
420 silly audit   'react-hook-form': [ '7.83.0' ],
420 silly audit   'tailwind-merge': [ '3.6.0' ],
420 silly audit   zod: [ '3.25.76' ],
420 silly audit   zustand: [ '5.0.14' ],
420 silly audit   '@standard-schema/utils': [ '0.3.0' ],
420 silly audit   cookie: [ '1.1.1' ],
420 silly audit   '@supabase/auth-js': [ '2.111.0' ],
420 silly audit   '@supabase/functions-js': [ '2.111.0' ],
420 silly audit   '@supabase/postgrest-js': [ '2.111.0' ],
420 silly audit   '@supabase/realtime-js': [ '2.111.0' ],
420 silly audit   '@supabase/storage-js': [ '2.111.0' ],
420 silly audit   '@supabase/phoenix': [ '0.4.5' ],
420 silly audit   'iceberg-js': [ '0.8.1' ],
420 silly audit   'json-schema-traverse': [ '0.4.1' ],
420 silly audit   'fast-json-stable-stringify': [ '2.1.0' ],
420 silly audit   'uri-js': [ '4.4.1' ],
420 silly audit   punycode: [ '2.3.1' ]
420 silly audit }
421 http cache @supabase/phoenix@https://registry.npmjs.org/@supabase/phoenix/-/phoenix-0.4.5.tgz 0ms (cache hit)
422 http cache @supabase/postgrest-js@https://registry.npmjs.org/@supabase/postgrest-js/-/postgrest-js-2.111.0.tgz 0ms (cache hit)
423 http cache @supabase/functions-js@https://registry.npmjs.org/@supabase/functions-js/-/functions-js-2.111.0.tgz 0ms (cache hit)
424 http cache iceberg-js@https://registry.npmjs.org/iceberg-js/-/iceberg-js-0.8.1.tgz 0ms (cache hit)
425 http cache cookie@https://registry.npmjs.org/cookie/-/cookie-1.1.1.tgz 0ms (cache hit)
426 http cache @supabase/auth-js@https://registry.npmjs.org/@supabase/auth-js/-/auth-js-2.111.0.tgz 0ms (cache hit)
427 http cache @supabase/realtime-js@https://registry.npmjs.org/@supabase/realtime-js/-/realtime-js-2.111.0.tgz 0ms (cache hit)
428 http cache @supabase/storage-js@https://registry.npmjs.org/@supabase/storage-js/-/storage-js-2.111.0.tgz 0ms (cache hit)
429 http cache tailwind-merge@https://registry.npmjs.org/tailwind-merge/-/tailwind-merge-3.6.0.tgz 0ms (cache hit)
430 http cache clsx@https://registry.npmjs.org/clsx/-/clsx-2.1.1.tgz 0ms (cache hit)
431 http cache lucide-react@https://registry.npmjs.org/lucide-react/-/lucide-react-1.28.0.tgz 0ms (cache hit)
432 http cache class-variance-authority@https://registry.npmjs.org/class-variance-authority/-/class-variance-authority-0.7.1.tgz 0ms (cache hit)
433 http cache react-hook-form@https://registry.npmjs.org/react-hook-form/-/react-hook-form-7.83.0.tgz 0ms (cache hit)
434 http cache @standard-schema/utils@https://registry.npmjs.org/@standard-schema/utils/-/utils-0.3.0.tgz 0ms (cache hit)
435 http cache zustand@https://registry.npmjs.org/zustand/-/zustand-5.0.14.tgz 0ms (cache hit)
436 http cache @hookform/resolvers@https://registry.npmjs.org/@hookform/resolvers/-/resolvers-5.5.7.tgz 0ms (cache hit)
437 http cache @supabase/ssr@https://registry.npmjs.org/@supabase/ssr/-/ssr-0.12.4.tgz 0ms (cache hit)
438 http cache @supabase/supabase-js@https://registry.npmjs.org/@supabase/supabase-js/-/supabase-js-2.111.0.tgz 0ms (cache hit)
439 http cache zod@https://registry.npmjs.org/zod/-/zod-3.25.76.tgz 0ms (cache hit)
440 http cache ajv@https://registry.npmjs.org/ajv/-/ajv-6.15.0.tgz 0ms (cache hit)
441 http cache json-schema-traverse@https://registry.npmjs.org/json-schema-traverse/-/json-schema-traverse-0.4.1.tgz 0ms (cache hit)
442 http cache ajv@https://registry.npmjs.org/ajv/-/ajv-6.15.0.tgz 0ms (cache hit)
443 http cache json-schema-traverse@https://registry.npmjs.org/json-schema-traverse/-/json-schema-traverse-0.4.1.tgz 0ms (cache hit)
444 silly tarball no local data for @supabase/phoenix@https://registry.npmjs.org/@supabase/phoenix/-/phoenix-0.4.5.tgz. Extracting by manifest.
445 silly tarball no local data for @supabase/postgrest-js@https://registry.npmjs.org/@supabase/postgrest-js/-/postgrest-js-2.111.0.tgz. Extracting by manifest.
446 silly tarball no local data for @supabase/functions-js@https://registry.npmjs.org/@supabase/functions-js/-/functions-js-2.111.0.tgz. Extracting by manifest.
447 silly tarball no local data for iceberg-js@https://registry.npmjs.org/iceberg-js/-/iceberg-js-0.8.1.tgz. Extracting by manifest.
448 silly tarball no local data for cookie@https://registry.npmjs.org/cookie/-/cookie-1.1.1.tgz. Extracting by manifest.
449 silly tarball no local data for @supabase/auth-js@https://registry.npmjs.org/@supabase/auth-js/-/auth-js-2.111.0.tgz. Extracting by manifest.
450 silly tarball no local data for @supabase/realtime-js@https://registry.npmjs.org/@supabase/realtime-js/-/realtime-js-2.111.0.tgz. Extracting by manifest.
451 silly tarball no local data for clsx@https://registry.npmjs.org/clsx/-/clsx-2.1.1.tgz. Extracting by manifest.
452 silly tarball no local data for @supabase/storage-js@https://registry.npmjs.org/@supabase/storage-js/-/storage-js-2.111.0.tgz. Extracting by manifest.
453 silly tarball no local data for tailwind-merge@https://registry.npmjs.org/tailwind-merge/-/tailwind-merge-3.6.0.tgz. Extracting by manifest.
454 silly tarball no local data for class-variance-authority@https://registry.npmjs.org/class-variance-authority/-/class-variance-authority-0.7.1.tgz. Extracting by manifest.
455 silly tarball no local data for lucide-react@https://registry.npmjs.org/lucide-react/-/lucide-react-1.28.0.tgz. Extracting by manifest.
456 silly tarball no local data for react-hook-form@https://registry.npmjs.org/react-hook-form/-/react-hook-form-7.83.0.tgz. Extracting by manifest.
457 silly tarball no local data for @standard-schema/utils@https://registry.npmjs.org/@standard-schema/utils/-/utils-0.3.0.tgz. Extracting by manifest.
458 silly tarball no local data for zustand@https://registry.npmjs.org/zustand/-/zustand-5.0.14.tgz. Extracting by manifest.
459 silly tarball no local data for @hookform/resolvers@https://registry.npmjs.org/@hookform/resolvers/-/resolvers-5.5.7.tgz. Extracting by manifest.
460 silly tarball no local data for @supabase/supabase-js@https://registry.npmjs.org/@supabase/supabase-js/-/supabase-js-2.111.0.tgz. Extracting by manifest.
461 silly tarball no local data for @supabase/ssr@https://registry.npmjs.org/@supabase/ssr/-/ssr-0.12.4.tgz. Extracting by manifest.
462 silly tarball no local data for zod@https://registry.npmjs.org/zod/-/zod-3.25.76.tgz. Extracting by manifest.
463 http fetch GET 200 https://registry.npmjs.org/cookie/-/cookie-1.1.1.tgz 51ms (cache miss)
464 http fetch GET 200 https://registry.npmjs.org/iceberg-js/-/iceberg-js-0.8.1.tgz 72ms (cache miss)
465 http fetch GET 200 https://registry.npmjs.org/zustand/-/zustand-5.0.14.tgz 88ms (cache miss)
466 http fetch GET 200 https://registry.npmjs.org/clsx/-/clsx-2.1.1.tgz 117ms (cache miss)
467 http fetch GET 200 https://registry.npmjs.org/class-variance-authority/-/class-variance-authority-0.7.1.tgz 117ms (cache miss)
468 http fetch GET 200 https://registry.npmjs.org/tailwind-merge/-/tailwind-merge-3.6.0.tgz 218ms (cache miss)
469 http fetch POST 200 https://registry.npmjs.org/-/npm/v1/security/advisories/bulk 318ms
470 silly audit report {
470 silly audit report   'brace-expansion': [
470 silly audit report     {
470 silly audit report       id: 1124334,
470 silly audit report       url: 'https://github.com/advisories/GHSA-mh99-v99m-4gvg',
470 silly audit report       title: 'brace-expansion: DoS via unbounded expansion length causing an out-of-memory process crash',
470 silly audit report       severity: 'high',
470 silly audit report       vulnerable_versions: '<=5.0.7',
470 silly audit report       cwe: [Array],
470 silly audit report       cvss: [Object]
470 silly audit report     }
470 silly audit report   ],
470 silly audit report   postcss: [
470 silly audit report     {
470 silly audit report       id: 1117015,
470 silly audit report       url: 'https://github.com/advisories/GHSA-qx2v-qp2m-jg93',
470 silly audit report       title: 'PostCSS has XSS via Unescaped </style> in its CSS Stringify Output',
470 silly audit report       severity: 'moderate',
470 silly audit report       vulnerable_versions: '<8.5.10',
470 silly audit report       cwe: [Array],
470 silly audit report       cvss: [Object]
470 silly audit report     },
470 silly audit report     {
470 silly audit report       id: 1124252,
470 silly audit report       url: 'https://github.com/advisories/GHSA-6g55-p6wh-862q',
470 silly audit report       title: 'PostCSS: Arbitrary file read and information disclosure via attacker-controlled sourceMappingURL in CSS comments',
470 silly audit report       severity: 'high',
470 silly audit report       vulnerable_versions: '<=8.5.11',
470 silly audit report       cwe: [Array],
470 silly audit report       cvss: [Object]
470 silly audit report     },
470 silly audit report     {
470 silly audit report       id: 1124288,
470 silly audit report       url: 'https://github.com/advisories/GHSA-r28c-9q8g-f849',
470 silly audit report       title: 'PostCSS: Path Traversal in Previous Source Map Auto-Loading (sourceMappingURL) leads to Arbitrary .map File Disclosure',
470 silly audit report       severity: 'high',
470 silly audit report       vulnerable_versions: '<=8.5.17',
470 silly audit report       cwe: [Array],
470 silly audit report       cvss: [Object]
470 silly audit report     }
470 silly audit report   ],
470 silly audit report   sharp: [
470 silly audit report     {
470 silly audit report       id: 1124066,
470 silly audit report       url: 'https://github.com/advisories/GHSA-f88m-g3jw-g9cj',
470 silly audit report       title: 'sharp inherited vulnerabilities in libvips: CVE-2026-33327, CVE-2026-33328, CVE-2026-35590, CVE-2026-35591',
470 silly audit report       severity: 'high',
470 silly audit report       vulnerable_versions: '<0.35.0',
470 silly audit report       cwe: [Array],
470 silly audit report       cvss: [Object]
470 silly audit report     }
470 silly audit report   ]
470 silly audit report }
471 silly packumentCache corgi:https://registry.npmjs.org/brace-expansion cache-miss
472 silly packumentCache corgi:https://registry.npmjs.org/postcss cache-miss
473 silly packumentCache corgi:https://registry.npmjs.org/sharp cache-miss
474 http cache https://registry.npmjs.org/sharp 9ms (cache hit)
475 silly packumentCache corgi:https://registry.npmjs.org/sharp set size:291503 disposed:false
476 http cache https://registry.npmjs.org/brace-expansion 13ms (cache hit)
477 silly packumentCache corgi:https://registry.npmjs.org/brace-expansion set size:34964 disposed:false
478 http cache https://registry.npmjs.org/postcss 14ms (cache hit)
479 silly packumentCache corgi:https://registry.npmjs.org/postcss set size:354683 disposed:false
480 silly packumentCache corgi:https://registry.npmjs.org/minimatch cache-miss
481 http cache https://registry.npmjs.org/minimatch 10ms (cache hit)
482 silly packumentCache corgi:https://registry.npmjs.org/minimatch set size:169442 disposed:false
483 silly packumentCache corgi:https://registry.npmjs.org/next cache-miss
484 http cache https://registry.npmjs.org/next 37ms (cache hit)
485 silly packumentCache corgi:https://registry.npmjs.org/next set size:25411846 disposed:false
486 silly packumentCache corgi:https://registry.npmjs.org/@eslint%2fconfig-array cache-miss
487 silly packumentCache corgi:https://registry.npmjs.org/@eslint%2feslintrc cache-miss
488 silly packumentCache corgi:https://registry.npmjs.org/eslint cache-miss
489 silly packumentCache corgi:https://registry.npmjs.org/eslint-plugin-import cache-miss
490 silly packumentCache corgi:https://registry.npmjs.org/eslint-plugin-jsx-a11y cache-miss
491 silly packumentCache corgi:https://registry.npmjs.org/eslint-plugin-react cache-miss
492 http cache https://registry.npmjs.org/@eslint%2feslintrc 29ms (cache hit)
493 silly packumentCache corgi:https://registry.npmjs.org/@eslint%2feslintrc set size:84432 disposed:false
494 http cache https://registry.npmjs.org/@eslint%2fconfig-array 30ms (cache hit)
495 silly packumentCache corgi:https://registry.npmjs.org/@eslint%2fconfig-array set size:19036 disposed:false
496 http cache https://registry.npmjs.org/eslint-plugin-import 30ms (cache hit)
497 silly packumentCache corgi:https://registry.npmjs.org/eslint-plugin-import set size:238396 disposed:false
498 http cache https://registry.npmjs.org/eslint-plugin-react 32ms (cache hit)
499 silly packumentCache corgi:https://registry.npmjs.org/eslint-plugin-react set size:309843 disposed:false
500 http fetch GET 200 https://registry.npmjs.org/@standard-schema/utils/-/utils-0.3.0.tgz 627ms (cache miss)
501 http cache https://registry.npmjs.org/eslint-plugin-jsx-a11y 35ms (cache hit)
502 silly packumentCache corgi:https://registry.npmjs.org/eslint-plugin-jsx-a11y set size:108835 disposed:false
503 http cache https://registry.npmjs.org/eslint 39ms (cache hit)
504 silly packumentCache corgi:https://registry.npmjs.org/eslint set size:1175599 disposed:false
505 silly packumentCache corgi:https://registry.npmjs.org/eslint-config-next cache-miss
506 silly packumentCache corgi:https://registry.npmjs.org/eslint-import-resolver-typescript cache-miss
507 http cache https://registry.npmjs.org/eslint-config-next 11ms (cache hit)
508 silly packumentCache corgi:https://registry.npmjs.org/eslint-config-next set size:4011688 disposed:false
509 http cache https://registry.npmjs.org/eslint-import-resolver-typescript 44ms (cache hit)
510 silly packumentCache corgi:https://registry.npmjs.org/eslint-import-resolver-typescript set size:139765 disposed:false
511 silly packumentCache corgi:https://registry.npmjs.org/@eslint-community%2feslint-utils cache-miss
512 silly packumentCache corgi:https://registry.npmjs.org/@typescript-eslint%2feslint-plugin cache-miss
513 silly packumentCache corgi:https://registry.npmjs.org/@typescript-eslint%2fparser cache-miss
514 silly packumentCache corgi:https://registry.npmjs.org/@typescript-eslint%2ftype-utils cache-miss
515 silly packumentCache corgi:https://registry.npmjs.org/@typescript-eslint%2futils cache-miss
516 silly packumentCache corgi:https://registry.npmjs.org/eslint-plugin-react-hooks cache-miss
517 silly packumentCache corgi:https://registry.npmjs.org/typescript-eslint cache-miss
518 http cache https://registry.npmjs.org/@eslint-community%2feslint-utils 45ms (cache hit)
519 silly packumentCache corgi:https://registry.npmjs.org/@eslint-community%2feslint-utils set size:50634 disposed:false
520 http cache https://registry.npmjs.org/@typescript-eslint%2fparser 58ms (cache hit)
521 silly packumentCache corgi:https://registry.npmjs.org/@typescript-eslint%2fparser set size:8228115 disposed:false
522 http cache https://registry.npmjs.org/@typescript-eslint%2ftype-utils 156ms (cache hit)
523 silly packumentCache corgi:https://registry.npmjs.org/@typescript-eslint%2ftype-utils set size:4857501 disposed:false
524 http cache https://registry.npmjs.org/eslint-plugin-react-hooks 196ms (cache hit)
525 silly packumentCache corgi:https://registry.npmjs.org/eslint-plugin-react-hooks set size:4331165 disposed:false
526 http cache https://registry.npmjs.org/@typescript-eslint%2feslint-plugin 230ms (cache hit)
527 silly packumentCache corgi:https://registry.npmjs.org/@typescript-eslint%2feslint-plugin set size:9840029 disposed:false
528 http cache https://registry.npmjs.org/typescript-eslint 412ms (cache hit)
529 silly packumentCache corgi:https://registry.npmjs.org/typescript-eslint set size:1856154 disposed:false
530 http cache https://registry.npmjs.org/@typescript-eslint%2futils 435ms (cache hit)
531 silly packumentCache corgi:https://registry.npmjs.org/@typescript-eslint%2futils set size:4842704 disposed:false
532 http fetch GET 200 https://registry.npmjs.org/@supabase/storage-js/-/storage-js-2.111.0.tgz 1404ms (cache miss)
533 http fetch GET 200 https://registry.npmjs.org/@supabase/postgrest-js/-/postgrest-js-2.111.0.tgz 1408ms (cache miss)
534 http fetch GET 200 https://registry.npmjs.org/@supabase/supabase-js/-/supabase-js-2.111.0.tgz 1405ms (cache miss)
535 http fetch GET 200 https://registry.npmjs.org/@supabase/functions-js/-/functions-js-2.111.0.tgz 1410ms (cache miss)
536 http fetch GET 200 https://registry.npmjs.org/@supabase/phoenix/-/phoenix-0.4.5.tgz 1424ms (cache miss)
537 http fetch GET 200 https://registry.npmjs.org/react-hook-form/-/react-hook-form-7.83.0.tgz 1427ms (cache miss)
538 http fetch GET 200 https://registry.npmjs.org/@supabase/ssr/-/ssr-0.12.4.tgz 1513ms (cache miss)
539 http fetch GET 200 https://registry.npmjs.org/@supabase/realtime-js/-/realtime-js-2.111.0.tgz 1549ms (cache miss)
540 http fetch GET 200 https://registry.npmjs.org/@supabase/auth-js/-/auth-js-2.111.0.tgz 1605ms (cache miss)
541 http fetch GET 200 https://registry.npmjs.org/@hookform/resolvers/-/resolvers-5.5.7.tgz 1728ms (cache miss)
542 http fetch GET 200 https://registry.npmjs.org/zod/-/zod-3.25.76.tgz 1771ms (cache miss)
543 http fetch GET 200 https://registry.npmjs.org/lucide-react/-/lucide-react-1.28.0.tgz 2614ms (cache miss)
544 silly ADD node_modules/iceberg-js
545 silly ADD node_modules/@supabase/phoenix
546 silly ADD node_modules/@supabase/storage-js
547 silly ADD node_modules/@supabase/realtime-js
548 silly ADD node_modules/@supabase/postgrest-js
549 silly ADD node_modules/@supabase/functions-js
550 silly ADD node_modules/@supabase/auth-js
551 silly ADD node_modules/cookie
552 silly ADD node_modules/@standard-schema/utils
553 silly ADD node_modules/zustand
554 silly ADD node_modules/tailwind-merge
555 silly ADD node_modules/react-hook-form
556 silly ADD node_modules/lucide-react
557 silly ADD node_modules/clsx
558 silly ADD node_modules/class-variance-authority
559 silly ADD node_modules/@supabase/supabase-js
560 silly ADD node_modules/@supabase/ssr
561 silly ADD node_modules/@hookform/resolvers
562 silly CHANGE node_modules/zod
563 silly REMOVE node_modules/json-schema-traverse
564 silly ADD node_modules/eslint/node_modules/json-schema-traverse
565 silly ADD node_modules/eslint/node_modules/ajv
566 silly REMOVE node_modules/ajv
567 silly ADD node_modules/@eslint/eslintrc/node_modules/json-schema-traverse
568 silly ADD node_modules/@eslint/eslintrc/node_modules/ajv
569 warn allow-scripts 2 packages have install scripts not yet covered by allowScripts:
569 warn allow-scripts   sharp@0.34.5 (install: (install scripts present))
569 warn allow-scripts   unrs-resolver@1.12.2 (install: (install scripts present))
569 warn allow-scripts
569 warn allow-scripts Run `npm approve-scripts --allow-scripts-pending` to review, or `npm approve-scripts <pkg>` to allow.
570 verbose cwd /Users/mushfiq/Desktop/Football/football-auction
571 verbose os Darwin 24.1.0
572 verbose node v24.18.0
573 verbose npm  v11.16.0
574 verbose exit 0
575 info ok
